-6165 -2238 -379 -8978 3135 
-5906 -177 -2330 5570 -8734 
203 -9438 5387 2564 -5724 
