2393 -9127 90 -3278 
5570 -3217 2883 360 
5757 -482 -2603 -5918 
