-555 -5763 -3186 
3716 -8624 396 
6123 -93 -9004 
