-12446 39 -7394 
-11906 12028 8267 
7243 -12085 -8045 
11284 522 -8370 
