-10000 -4900 4953 -20027 20061 
-4987 -15004 199 15072 -20066 
10047 -12526 95 -12502 15026 
19921 -14981 -20024 4995 -24911 
