-12118 4030 
-11947 12177 
-11917 -16152 
-4596 52 
