-79992 -45130 -30052 20063 
-75021 30039 20017 65072 
-39958 -19947 29936 -30045 
-30046 -20020 -100089 -50008 
0 0 0 0 
0 0 0 0 
0 0 0 0 
0 0 0 0 
43244 -16552 23346 53386 
59924 -89947 -99956 -59941 
