73
147
221
21
96
171
246
47
123
199
1
78
155
232
35
113
191
269
74
153
233
38
118
198
5
86
167
249
56
138
220
29
112
196
7
91
176
260
70
158
243
55
142
229
43
131
218
33
124
212
27
119
209
25
117
210
28
122
215
36
130
225
46
141
238
60
157
254
77
175
272
98
195
20
126
227
54
159
259
88
189
18
128
235
65
172
3
108
219
57
165
273
107
223
62
174
11
127
242
82
194
40
156
271
115
240
84
203
51
177
19
146
267
120
250
99
228
81
207
67
193
53
185
45
181
41
179
39
180
44
184
52
192
66
206
80
226
97
248
116
266
145
17
173
63
216
101
258
143
24
190
87
252
139
30
204
102
270
166
75
253
151
61
244
149
64
251
161
83
268
187
109
26
236
160
93
14
231
163
104
37
262
205
148
103
50
8
241
201
162
132
95
71
34
13
2
261
247
237
230
224
234
245
257
0
12
32
69
94
129
154
200
264
49
110
168
239
59
135
213
68
150
6
121
255
111
263
136
23
186
106
31
214
170
134
100
89
85
92
133
169
211
22
140
265
137
16
208
182
164
183
222
58
188
90
72
79
178
48
15
114
9
42
217
76
125
152
4
105
256
144
202
197
10
